digraph {
a -> b;
}